Godot Engine v4.7.1.stable.official.a13da4feb - https://godotengine.org
OpenGL API 3.3.0 NVIDIA 546.18 - Compatibility - Using Device: NVIDIA - NVIDIA GeForce RTX 4060 Laptop GPU

ERROR: Failed to read the root certificate store.
   at: get_system_ca_certificates (platform/windows/os_windows.cpp:2582)
Loaded 40 cards.
PASS: New run opens main menu without project or charge
PASS: Blank studio name rejects for free
PASS: Studio name commits once and enters empty Studio for free
PASS: Empty Studio offers first game without false release history
PASS: Empty Studio browsing preserves finance and time
PASS: Two release histories register independently
PASS: Release captures exact review and gross projection
PASS: Studio reconstructs from newest release
PASS: Summary lists all released games and selects newest
PASS: Older game selection displays its own gross results
PASS: Historical detail shows category review and grossing
PASS: History browsing is passive
PASS: History query returns a defensive copy
PASS: Run reconstruction restores named Studio and both games
Main menu and release history verification: 0 failures
