Godot Engine v4.7.1.stable.official.a13da4feb - https://godotengine.org

ERROR: Failed to read the root certificate store.
   at: get_system_ca_certificates (platform/windows/os_windows.cpp:2582)
Loaded 40 cards.
WARNING: Artwork not found for card 'split_screen': res://assets/artwork/split_screen.png
   at: push_warning (core/variant/variant_utility.cpp:1033)
   GDScript backtrace (most recent call first):
       [0] _refresh_artwork (res://scripts/cards/card_view.gd:117)
       [1] refresh (res://scripts/cards/card_view.gd:88)
       [2] _ready (res://scripts/cards/card_view.gd:32)
       [3] _deal_next_candidate_pool (res://scripts/phases/design_phase.gd:275)
       [4] _initialize_design_lifecycle (res://scripts/phases/design_phase.gd:253)
       [5] begin_design (res://scripts/phases/design_phase.gd:158)
       [6] _run (res://scripts/debug/verify_shared_redraw_and_priority_adjustment.gd:39)
WARNING: Artwork not found for card 'sprites': res://assets/artwork/sprites.png
   at: push_warning (core/variant/variant_utility.cpp:1033)
   GDScript backtrace (most recent call first):
       [0] _refresh_artwork (res://scripts/cards/card_view.gd:117)
       [1] refresh (res://scripts/cards/card_view.gd:88)
       [2] _ready (res://scripts/cards/card_view.gd:32)
       [3] _deal_next_candidate_pool (res://scripts/phases/design_phase.gd:275)
       [4] _initialize_design_lifecycle (res://scripts/phases/design_phase.gd:253)
       [5] begin_design (res://scripts/phases/design_phase.gd:158)
       [6] _run (res://scripts/debug/verify_shared_redraw_and_priority_adjustment.gd:39)
WARNING: Artwork not found for card 'controller': res://assets/artwork/controller.png
   at: push_warning (core/variant/variant_utility.cpp:1033)
   GDScript backtrace (most recent call first):
       [0] _refresh_artwork (res://scripts/cards/card_view.gd:117)
       [1] refresh (res://scripts/cards/card_view.gd:88)
       [2] _ready (res://scripts/cards/card_view.gd:32)
       [3] _deal_next_candidate_pool (res://scripts/phases/design_phase.gd:275)
       [4] _initialize_design_lifecycle (res://scripts/phases/design_phase.gd:253)
       [5] begin_design (res://scripts/phases/design_phase.gd:158)
       [6] _run (res://scripts/debug/verify_shared_redraw_and_priority_adjustment.gd:39)
WARNING: Artwork not found for card 'scrolling': res://assets/artwork/scrolling.png
   at: push_warning (core/variant/variant_utility.cpp:1033)
   GDScript backtrace (most recent call first):
       [0] _refresh_artwork (res://scripts/cards/card_view.gd:117)
       [1] refresh (res://scripts/cards/card_view.gd:88)
       [2] _ready (res://scripts/cards/card_view.gd:32)
       [3] _deal_next_candidate_pool (res://scripts/phases/design_phase.gd:275)
       [4] _initialize_design_lifecycle (res://scripts/phases/design_phase.gd:253)
       [5] begin_design (res://scripts/phases/design_phase.gd:158)
       [6] _run (res://scripts/debug/verify_shared_redraw_and_priority_adjustment.gd:39)
WARNING: Artwork not found for card '8_bit_sound': res://assets/artwork/8_bit_sound.png
   at: push_warning (core/variant/variant_utility.cpp:1033)
   GDScript backtrace (most recent call first):
       [0] _refresh_artwork (res://scripts/cards/card_view.gd:117)
       [1] refresh (res://scripts/cards/card_view.gd:88)
       [2] _ready (res://scripts/cards/card_view.gd:32)
       [3] _deal_next_candidate_pool (res://scripts/phases/design_phase.gd:275)
       [4] _initialize_design_lifecycle (res://scripts/phases/design_phase.gd:253)
       [5] begin_design (res://scripts/phases/design_phase.gd:158)
       [6] _run (res://scripts/debug/verify_shared_redraw_and_priority_adjustment.gd:39)
WARNING: Artwork not found for card 'local_leaderboards': res://assets/artwork/local_leaderboards.png
   at: push_warning (core/variant/variant_utility.cpp:1033)
   GDScript backtrace (most recent call first):
       [0] _refresh_artwork (res://scripts/cards/card_view.gd:117)
       [1] refresh (res://scripts/cards/card_view.gd:88)
       [2] _ready (res://scripts/cards/card_view.gd:32)
       [3] redraw_selected_cards (res://scripts/phases/design_phase.gd:329)
       [4] _run (res://scripts/debug/verify_shared_redraw_and_priority_adjustment.gd:48)
Shared redraw and priority-adjustment verification passed.
